// Jest Snapshot v1, https://goo.gl/fbAQLP

exports[`Repos should render coorectly 1`] = `
<Connect(ReposContainer)
  getReposAction={[Function]}
  match={
    Object {
      "params": Object {
        "user": "test",
      },
    }
  }
>
  <div
    className="repos"
  >
    <div
      className="alert"
    >
      Fake error
    </div>
    <div
      className="title"
    >
      Select the user
    </div>
    <div
      className="card users"
    >
      <NavLink
        activeClassName="linkActive"
        className="link"
        key="awibox"
        onClick={[Function]}
        to="/repos/awibox"
      >
        <Link
          aria-current={null}
          className="link"
          onClick={[Function]}
          to={
            Object {
              "hash": "",
              "pathname": "/repos/awibox",
              "search": "",
              "state": null,
            }
          }
        >
          <LinkAnchor
            aria-current={null}
            className="link"
            href="/repos/awibox"
            navigate={[Function]}
            onClick={[Function]}
          >
            <a
              aria-current={null}
              className="link"
              href="/repos/awibox"
              onClick={[Function]}
            >
              <div
                className="user"
              >
                <i
                  className="fa fa-user"
                />
                awibox
              </div>
            </a>
          </LinkAnchor>
        </Link>
      </NavLink>
      <NavLink
        activeClassName="linkActive"
        className="link"
        key="angular"
        onClick={[Function]}
        to="/repos/angular"
      >
        <Link
          aria-current={null}
          className="link"
          onClick={[Function]}
          to={
            Object {
              "hash": "",
              "pathname": "/repos/angular",
              "search": "",
              "state": null,
            }
          }
        >
          <LinkAnchor
            aria-current={null}
            className="link"
            href="/repos/angular"
            navigate={[Function]}
            onClick={[Function]}
          >
            <a
              aria-current={null}
              className="link"
              href="/repos/angular"
              onClick={[Function]}
            >
              <div
                className="user"
              >
                <i
                  className="fa fa-user"
                />
                angular
              </div>
            </a>
          </LinkAnchor>
        </Link>
      </NavLink>
      <NavLink
        activeClassName="linkActive"
        className="link"
        key="facebook"
        onClick={[Function]}
        to="/repos/facebook"
      >
        <Link
          aria-current={null}
          className="link"
          onClick={[Function]}
          to={
            Object {
              "hash": "",
              "pathname": "/repos/facebook",
              "search": "",
              "state": null,
            }
          }
        >
          <LinkAnchor
            aria-current={null}
            className="link"
            href="/repos/facebook"
            navigate={[Function]}
            onClick={[Function]}
          >
            <a
              aria-current={null}
              className="link"
              href="/repos/facebook"
              onClick={[Function]}
            >
              <div
                className="user"
              >
                <i
                  className="fa fa-user"
                />
                facebook
              </div>
            </a>
          </LinkAnchor>
        </Link>
      </NavLink>
      <NavLink
        activeClassName="linkActive"
        className="link"
        key="reduxjs"
        onClick={[Function]}
        to="/repos/reduxjs"
      >
        <Link
          aria-current={null}
          className="link"
          onClick={[Function]}
          to={
            Object {
              "hash": "",
              "pathname": "/repos/reduxjs",
              "search": "",
              "state": null,
            }
          }
        >
          <LinkAnchor
            aria-current={null}
            className="link"
            href="/repos/reduxjs"
            navigate={[Function]}
            onClick={[Function]}
          >
            <a
              aria-current={null}
              className="link"
              href="/repos/reduxjs"
              onClick={[Function]}
            >
              <div
                className="user"
              >
                <i
                  className="fa fa-user"
                />
                reduxjs
              </div>
            </a>
          </LinkAnchor>
        </Link>
      </NavLink>
      <NavLink
        activeClassName="linkActive"
        className="link"
        key="webpack"
        onClick={[Function]}
        to="/repos/webpack"
      >
        <Link
          aria-current={null}
          className="link"
          onClick={[Function]}
          to={
            Object {
              "hash": "",
              "pathname": "/repos/webpack",
              "search": "",
              "state": null,
            }
          }
        >
          <LinkAnchor
            aria-current={null}
            className="link"
            href="/repos/webpack"
            navigate={[Function]}
            onClick={[Function]}
          >
            <a
              aria-current={null}
              className="link"
              href="/repos/webpack"
              onClick={[Function]}
            >
              <div
                className="user"
              >
                <i
                  className="fa fa-user"
                />
                webpack
              </div>
            </a>
          </LinkAnchor>
        </Link>
      </NavLink>
    </div>
    <div
      className="title"
    >
      Repositories of 
      test
    </div>
    <div
      className="reposList"
    >
      <div
        className="repo"
      >
        <div
          className="card"
        >
          <a
            className="name"
            href="http://localhost:8888/item"
            rel="noopener noreferrer"
            target="_blank"
          >
            First Repo
          </a>
          <div
            className="githubIcon"
          >
            <i
              aria-hidden="true"
              className="fa fa-github"
            />
          </div>
          <div
            className="desc"
          >
            Repository
          </div>
          <div
            className="panel"
          >
            <div
              className="property"
            >
              <i
                className="fa fa-circle"
                style={Object {}}
              />
               
              javascript
            </div>
            <div
              className="size"
            >
              <i
                className="fa fa-file-archive-o"
              />
               
              0.01
               mb
            </div>
            <div
              className="stars"
            >
              <i
                aria-hidden="true"
                className="fa fa-star"
              />
               
              10
            </div>
          </div>
        </div>
      </div>
    </div>
    <div
      className="loader"
    >
      <div
        className="spinnerBorder"
      />
    </div>
  </div>
</Connect(ReposContainer)>
`;
